// Jest Snapshot v1, https://goo.gl/fbAQLP

exports[`ProductItem Component ProductItem renders correctly 1`] = `
<View
  style={
    {
      "alignItems": "center",
      "backgroundColor": "#fff",
      "borderRadius": 10,
      "elevation": 3,
      "flexDirection": "row",
      "marginVertical": 10,
      "padding": 15,
      "shadowColor": "#333",
      "shadowOffset": {
        "height": 2,
        "width": 0,
      },
      "shadowOpacity": 0.3,
      "shadowRadius": 2,
    }
  }
>
  <Image
    resizeMode="contain"
    source={
      {
        "uri": "https://cdn-img.prettylittlething.com/d/c/3/3/dc337260f9ecefdb99a8c8e98cd73ccb1b79cea5_cmb6804_4.jpg?imwidth=1024",
      }
    }
    style={
      {
        "borderRadius": 10,
        "height": 160,
        "width": 100,
      }
    }
  />
  <View
    style={
      {
        "flex": 1,
        "marginLeft": 10,
      }
    }
  >
    <Text
      style={
        {
          "fontSize": 18,
          "fontWeight": "bold",
          "width": "100%",
        }
      }
    >
      Product 2
    </Text>
    <Text
      style={
        {
          "color": "#888",
          "fontSize": 14,
          "marginTop": 5,
        }
      }
    >
      Color: 
      Black
    </Text>
    <Text
      style={
        {
          "color": "#FF5722",
          "fontSize": 16,
          "fontWeight": "bold",
          "marginTop": 5,
        }
      }
    >
      Price: $
      15
    </Text>
    <View
      accessibilityState={
        {
          "busy": undefined,
          "checked": undefined,
          "disabled": undefined,
          "expanded": undefined,
          "selected": undefined,
        }
      }
      accessibilityValue={
        {
          "max": undefined,
          "min": undefined,
          "now": undefined,
          "text": undefined,
        }
      }
      accessible={true}
      collapsable={false}
      focusable={true}
      onClick={[Function]}
      onResponderGrant={[Function]}
      onResponderMove={[Function]}
      onResponderRelease={[Function]}
      onResponderTerminate={[Function]}
      onResponderTerminationRequest={[Function]}
      onStartShouldSetResponder={[Function]}
      style={
        {
          "alignItems": "center",
          "backgroundColor": "#FF5722",
          "borderRadius": 5,
          "flexDirection": "row",
          "marginTop": 10,
          "opacity": 1,
          "paddingHorizontal": 10,
          "paddingVertical": 5,
        }
      }
    >
      <Text
        style={
          {
            "color": "#fff",
            "fontWeight": "bold",
            "marginLeft": 5,
          }
        }
      >
        Add to Cart
      </Text>
    </View>
  </View>
</View>
`;
